$$S_reitit$2e_coercion:aa
$$S_reitit$2e_exception:ba
$$S_reitit$2etrie:ca
G__6530$jscomp$inline_1606:wu
JSCompiler_StaticMethods_assoc_BANG_:qi
JSCompiler_StaticMethods_cleanupKeysArray_:ob
JSCompiler_StaticMethods_cljs$core$IMultiFn$_add_method$arity$3:rj
JSCompiler_StaticMethods_cljs$core$IMultiFn$_get_method$arity$2:qj
JSCompiler_StaticMethods_cljs$core$ITransientVector$_assoc_n_BANG_$arity$3:wh
JSCompiler_StaticMethods_cljs$core$async$impl$channels$MMC$abort$arity$1:Ys
JSCompiler_StaticMethods_cljs$core$async$impl$protocols$Channel$close_BANG_$arity$1:Zs
JSCompiler_StaticMethods_cycle:Vr
JSCompiler_StaticMethods_divide:Oa
JSCompiler_StaticMethods_enforceReadOnly:vb
JSCompiler_StaticMethods_ensureKeyMapInitialized_:Lb
JSCompiler_StaticMethods_fireListeners:Lr
JSCompiler_StaticMethods_getBits:La
JSCompiler_StaticMethods_getFragment_:tt
JSCompiler_StaticMethods_getKeyName_:Mb
JSCompiler_StaticMethods_getUrl_:ut
JSCompiler_StaticMethods_isZero:Na
JSCompiler_StaticMethods_markAsRemoved:pr
JSCompiler_StaticMethods_negate:Ga
JSCompiler_StaticMethods_removeByKey:sr
JSCompiler_StaticMethods_setPort:wb
JSCompiler_StaticMethods_setQueryData:zb
JSCompiler_StaticMethods_setScheme:ub
JSCompiler_StaticMethods_shiftRight:Qa
JSCompiler_StaticMethods_sval:Df
JSCompiler_StaticMethods_toNumber:Ka
JSCompiler_StaticMethods_updateCoords_:Xr
JSCompiler_inline_result$jscomp$134:br
JSCompiler_prototypeAlias:g
L 0:a
L 1:b
L 10:n
L 11:p
L 12:q
L 13:t
L 14:u
L 15:w
L 16:x
L 17:F
L 18:H
L 19:M
L 2:c
L 20:S
L 21:Y
L 22:va
L 23:Ea
L 24:Tb
L 25:ib
L 26:wa
L 27:Ma
L 28:db
L 29:Dd
L 3:d
L 30:xb
L 31:Ib
L 32:yb
L 33:cd
L 34:Nf
L 35:Ed
L 36:ht
L 37:ch
L 38:rb
L 39:dh
L 4:e
L 5:f
L 6:h
L 7:k
L 8:l
L 9:m
accountant:wt
accountant$core:xt
accountant$core$find_href_node:Ct
accountant$core$history:At
accountant$core$nav_handler:Ft
accountant$core$path_exists_QMARK_:Gt
accountant$core$transformer_create_url:yt
accountant$core$transformer_retrieve_token:zt
accountant$core$uri__GT_fragment:Et
accountant$core$uri__GT_query:Dt
all_wilds_QMARK_$jscomp$inline_1653:hu
arr$jscomp$inline_1039:Zq
buf_or_n$jscomp$inline_1569:gt
buf_or_n__$1$jscomp$inline_1570:Js
cached_hierarchy__4616__auto__$jscomp$inline_1592:Rt
clerk$core$after_render_BANG_:ot
clerk$core$bottom_of_element_with_id:mt
clerk$core$browser_supports_manual_restoration_QMARK_:nt
clerk$core$current_path:ft
clerk$core$debounce$cljs$0core$0IFn$0_invoke$0arity$02:it
clerk$core$deferred_navigation_chan:et
clerk$core$get_history_scroll_top:jt
clerk$core$navigate_page_BANG_:pt
clerk$core$navigate_page_BANG_$cljs$0core$0IFn$0_invoke$0arity$0variadic:qt
clerk$core$smooth_scroll_to:kt
clerk$core$top_of_element_with_id:lt
cljs:Ob
cljs$core:Pb
cljs$core$ArrayChunk:Ff
cljs$core$ArrayNode:ai
cljs$core$ArrayNodeIterator:ei
cljs$core$ArrayNodeSeq:li
cljs$core$Atom:rg
cljs$core$BitmapIndexedNode:Xh
cljs$core$BitmapIndexedNode$EMPTY:$h
cljs$core$Box:Qh
cljs$core$ChunkBuffer:Ef
cljs$core$ChunkedCons:Hf
cljs$core$ChunkedSeq:ph
cljs$core$Cons:yf
cljs$core$ES6EntriesIterator:Fh
cljs$core$ES6Iterator:Vd
cljs$core$ES6SetEntriesIterator:Gh
cljs$core$EmptyList:vf
cljs$core$ExceptionInfo:tj
cljs$core$Fn:nc
cljs$core$HashCollisionNode:ii
cljs$core$HashMapIter:ni
cljs$core$HashSetIter:yi
cljs$core$ICollection:tc
cljs$core$IComparable:qd
cljs$core$ICounted:pc
cljs$core$IEmptyableCollection:rc
cljs$core$IEncodeJS:Yi
cljs$core$IFn:oc
cljs$core$IIndexed:vc
cljs$core$IIterable:Ad
cljs$core$IKVReduce:Wc
cljs$core$IList:dd
cljs$core$ILookup:Bc
cljs$core$IMap:Fc
cljs$core$IMeta:Qc
cljs$core$INIT:eg
cljs$core$INext:zc
cljs$core$IPrintWithWriter:id
cljs$core$IRecord:ed
cljs$core$IReduce:Uc
cljs$core$IReversible:fd
cljs$core$ISeq:wc
cljs$core$ISeqable:$c
cljs$core$ISequential:bd
cljs$core$ISet:Jc
cljs$core$ITER_SYMBOL:ic
cljs$core$IVector:Nc
cljs$core$IWithMeta:Sc
cljs$core$IndexedSeq:K
cljs$core$IndexedSeqIterator:oe
cljs$core$KeySeq:si
cljs$core$Keyword:I
cljs$core$LazySeq:Cf
cljs$core$List:ze
cljs$core$List$EMPTY:Ud
cljs$core$MapEntry:bh
cljs$core$MetaFn:Fe
cljs$core$MultiFn:oj
cljs$core$NeverEquiv:Bh
cljs$core$NodeIterator:Wh
cljs$core$NodeSeq:ji
cljs$core$PROTOCOL_SENTINEL:v
cljs$core$PersistentArrayMap:y
cljs$core$PersistentArrayMap$EMPTY:Z
cljs$core$PersistentArrayMap$HASHMAP_THRESHOLD:Nh
cljs$core$PersistentArrayMap$createAsIfByAssoc:Ce
cljs$core$PersistentArrayMapIterator:Jh
cljs$core$PersistentArrayMapSeq:Ih
cljs$core$PersistentHashMap:oi
cljs$core$PersistentHashMap$EMPTY:Oh
cljs$core$PersistentHashSet:zi
cljs$core$PersistentHashSet$EMPTY:Bi
cljs$core$PersistentHashSet$createAsIfByAssoc:Ci
cljs$core$PersistentQueue:zh
cljs$core$PersistentQueue$EMPTY:Ah
cljs$core$PersistentQueueIter:xh
cljs$core$PersistentQueueSeq:yh
cljs$core$PersistentVector:W
cljs$core$PersistentVector$EMPTY:ye
cljs$core$PersistentVector$EMPTY_NODE:X
cljs$core$PersistentVector$fromArray:jh
cljs$core$RSeq:pe
cljs$core$RangedIterator:Yg
cljs$core$RecordIter:Eh
cljs$core$Reduced:be
cljs$core$Repeat:Dg
cljs$core$START:fg
cljs$core$SeqIter:gg
cljs$core$StringBufferWriter:Cd
cljs$core$Subvec:rh
cljs$core$Symbol:E
cljs$core$TransientArrayMap:Mh
cljs$core$TransientHashMap:pi
cljs$core$TransientHashSet:Ai
cljs$core$TransientVector:eh
cljs$core$UUID:sj
cljs$core$ValSeq:ti
cljs$core$VectorNode:Ng
cljs$core$Volatile:vg
cljs$core$_EQ_:P
cljs$core$_PLUS_:nf
cljs$core$_STAR_eval_STAR_:vj
cljs$core$_STAR_loaded_libs_STAR_:Vb
cljs$core$_STAR_print_err_fn_STAR_:Sb
cljs$core$_STAR_print_fn_STAR_:Rb
cljs$core$_STAR_print_level_STAR_:Ub
cljs$core$_add_watch:kd
cljs$core$_as_transient:md
cljs$core$_assoc:Dc
cljs$core$_assoc_BANG_:pd
cljs$core$_assoc_n:Oc
cljs$core$_chunked_first:td
cljs$core$_chunked_rest:ud
cljs$core$_clj__GT_js:Zi
cljs$core$_compare:rd
cljs$core$_conj:uc
cljs$core$_conj_BANG_:nd
cljs$core$_count:qc
cljs$core$_deref:Pc
cljs$core$_disjoin:Kc
cljs$core$_dissoc:Gc
cljs$core$_drop_first:sd
cljs$core$_empty:sc
cljs$core$_equiv:Yc
cljs$core$_find:Ec
cljs$core$_first:xc
cljs$core$_global_hierarchy:cj
cljs$core$_hash:Zc
cljs$core$_indexOf$cljs$0core$0IFn$0_invoke$0arity$03:Q
cljs$core$_iterator:Bd
cljs$core$_key:Hc
cljs$core$_kv_reduce:Xc
cljs$core$_lastIndexOf$cljs$0core$0IFn$0_invoke$0arity$03:ne
cljs$core$_lookup:Cc
cljs$core$_meta:Rc
cljs$core$_name:vd
cljs$core$_namespace:wd
cljs$core$_next:Ac
cljs$core$_nth:D
cljs$core$_peek:Lc
cljs$core$_persistent_BANG_:od
cljs$core$_pop:Mc
cljs$core$_pr_writer:jd
cljs$core$_reduce:Vc
cljs$core$_remove_watch:ld
cljs$core$_reset_BANG_:xd
cljs$core$_rest:yc
cljs$core$_rseq:gd
cljs$core$_seq:ad
cljs$core$_swap_BANG_:yd
cljs$core$_val:Ic
cljs$core$_vreset_BANG_:zd
cljs$core$_with_meta:Tc
cljs$core$_write:hd
cljs$core$aclone:jc
cljs$core$apply:Ge
cljs$core$apply$cljs$0core$0IFn$0_invoke$0arity$02:Wf
cljs$core$apply$cljs$0core$0IFn$0_invoke$0arity$03:Xf
cljs$core$apply$cljs$0core$0IFn$0_invoke$0arity$04:Yf
cljs$core$apply$cljs$0core$0IFn$0_invoke$0arity$05:Zf
cljs$core$apply$cljs$0core$0IFn$0_invoke$0arity$0variadic:$f
cljs$core$apply_to:Qf
cljs$core$apply_to_simple$cljs$0core$0IFn$0_invoke$0arity$03:Sf
cljs$core$apply_to_simple$cljs$0core$0IFn$0_invoke$0arity$04:Tf
cljs$core$apply_to_simple$cljs$0core$0IFn$0_invoke$0arity$05:Uf
cljs$core$apply_to_simple$cljs$0core$0IFn$0_invoke$0arity$06:Vf
cljs$core$array_QMARK_:dc
cljs$core$array__GT_transient_hash_map:Ph
cljs$core$array_copy:Se
cljs$core$array_for:Vg
cljs$core$array_index_of:Hh
cljs$core$array_reduce$cljs$0core$0IFn$0_invoke$0arity$02:ge
cljs$core$array_reduce$cljs$0core$0IFn$0_invoke$0arity$03:he
cljs$core$array_reduce$cljs$0core$0IFn$0_invoke$0arity$04:ie
cljs$core$assoc:U
cljs$core$assoc_BANG_$cljs$0core$0IFn$0_invoke$0arity$03:Pf
cljs$core$assoc_in:Kg
cljs$core$async:vs
cljs$core$async$fn_handler$cljs$0core$0IFn$0_invoke$0arity$02:bt
cljs$core$async$impl:xs
cljs$core$async$impl$buffers:Es
cljs$core$async$impl$buffers$FixedBuffer:Is
cljs$core$async$impl$buffers$NO_VAL:Ls
cljs$core$async$impl$buffers$RingBuffer:Gs
cljs$core$async$impl$buffers$SlidingBuffer:Ks
cljs$core$async$impl$buffers$acopy:Fs
cljs$core$async$impl$buffers$ring_buffer:Hs
cljs$core$async$impl$channels:Ss
cljs$core$async$impl$channels$ManyToManyChannel:Xs
cljs$core$async$impl$channels$PutBox:Vs
cljs$core$async$impl$channels$box:Us
cljs$core$async$impl$channels$ex_handler:$s
cljs$core$async$impl$channels$handle:at
cljs$core$async$impl$channels$put_active_QMARK_:Ws
cljs$core$async$impl$channels$t_cljs$0core$0async$0impl$0channels4190:Ts
cljs$core$async$impl$dispatch$process_messages:Ps
cljs$core$async$impl$dispatch$queue_dispatcher:Qs
cljs$core$async$impl$dispatch$queued_QMARK_:Os
cljs$core$async$impl$dispatch$run:Rs
cljs$core$async$impl$dispatch$running_QMARK_:Ns
cljs$core$async$impl$dispatch$tasks:Ms
cljs$core$async$impl$protocols$active_QMARK_:As
cljs$core$async$impl$protocols$add_BANG_:Ds
cljs$core$async$impl$protocols$add_BANG__STAR_:Cs
cljs$core$async$impl$protocols$commit:Bs
cljs$core$async$impl$protocols$put_BANG_:zs
cljs$core$async$impl$protocols$take_BANG_:ys
cljs$core$async$nop:ct
cljs$core$async$offer_BANG_:dt
cljs$core$async$t_cljs$0core$0async6722:ws
cljs$core$atom$cljs$0core$0IFn$0_invoke$0arity$01:sg
cljs$core$bit_count:rf
cljs$core$boolean$0:Ve
cljs$core$bounded_count:Kf
cljs$core$build_subvec:sh
cljs$core$butlast:Ei
cljs$core$char_escapes:Ki
cljs$core$chunk_append:Jf
cljs$core$chunk_buffer:Gf
cljs$core$chunk_cons:If
cljs$core$chunked_seq:ih
cljs$core$chunked_seq$cljs$0core$0IFn$0_invoke$0arity$04:hh
cljs$core$chunked_seq$cljs$0core$0IFn$0_invoke$0arity$05:qh
cljs$core$chunked_seq_QMARK_:Re
cljs$core$ci_reduce$cljs$0core$0IFn$0_invoke$0arity$02:ee
cljs$core$ci_reduce$cljs$0core$0IFn$0_invoke$0arity$03:fe
cljs$core$clj__GT_js:$i
cljs$core$clone_and_set$cljs$0core$0IFn$0_invoke$0arity$03:Sh
cljs$core$coll_QMARK_:Le
cljs$core$comp:lg
cljs$core$compare:Ye
cljs$core$compare_indexed$cljs$0core$0IFn$0_invoke$0arity$02:Ze
cljs$core$compare_keywords:zf
cljs$core$compare_symbols:Qd
cljs$core$complement:jg
cljs$core$concat:Mf
cljs$core$conj:xe
cljs$core$conj_BANG_:Of
cljs$core$cons:re
cljs$core$constantly:kg
cljs$core$contains_QMARK_:Xe
cljs$core$count:R
cljs$core$counted_QMARK_:je
cljs$core$create_array_node_seq:gi
cljs$core$create_array_node_seq$cljs$0core$0IFn$0_invoke$0arity$01:fi
cljs$core$create_array_node_seq$cljs$0core$0IFn$0_invoke$0arity$03:mi
cljs$core$create_inode_seq:Zh
cljs$core$create_inode_seq$cljs$0core$0IFn$0_invoke$0arity$01:Yh
cljs$core$create_inode_seq$cljs$0core$0IFn$0_invoke$0arity$03:ki
cljs$core$create_node:ci
cljs$core$create_node$cljs$0core$0IFn$0_invoke$0arity$06:di
cljs$core$create_node$cljs$0core$0IFn$0_invoke$0arity$07:bi
cljs$core$deref:de
cljs$core$disj:Je
cljs$core$dissoc:De
cljs$core$do_assoc:Wg
cljs$core$doall$cljs$0core$0IFn$0_invoke$0arity$01:Fi
cljs$core$dominates:lj
cljs$core$drop$cljs$0core$0IFn$0_invoke$0arity$02:Bg
cljs$core$drop_last$cljs$0core$0IFn$0_invoke$0arity$02:Cg
cljs$core$edit_and_set$cljs$0core$0IFn$0_invoke$0arity$04:Uh
cljs$core$empty:Ae
cljs$core$empty_QMARK_:Ke
cljs$core$empty_ordered_hash:Yd
cljs$core$empty_unordered_hash:$d
cljs$core$enable_console_print_BANG_:bc
cljs$core$equiv_map:Dh
cljs$core$equiv_sequential:qe
cljs$core$es6_iterator:Wd
cljs$core$every_QMARK_:hg
cljs$core$filter$cljs$0core$0IFn$0_invoke$0arity$01:Fg
cljs$core$filter$cljs$0core$0IFn$0_invoke$0arity$02:Gg
cljs$core$find_and_cache_best_method:mj
cljs$core$first:N
cljs$core$fix:pf
cljs$core$fn_QMARK_:Ee
cljs$core$fn__GT_comparator:$e
cljs$core$gensym$cljs$0core$0IFn$0_invoke$0arity$01:Xi
cljs$core$gensym_counter:Wi
cljs$core$get:G
cljs$core$get_global_hierarchy:dj
cljs$core$group_by:bj
cljs$core$hash:Od
cljs$core$hash_collision_node_find_index:hi
cljs$core$hash_combine:Pd
cljs$core$hash_map:ri
cljs$core$hash_ordered_coll:Xd
cljs$core$hash_string:Nd
cljs$core$hash_unordered_coll:Zd
cljs$core$identity:lf
cljs$core$ifn_QMARK_:We
cljs$core$imul:Gd
cljs$core$inc:ae
cljs$core$indexed_QMARK_:ke
cljs$core$inode_kv_reduce:Vh
cljs$core$interleave:Eg
cljs$core$into:Ig
cljs$core$into_array$cljs$0core$0IFn$0_invoke$0arity$02:kc
cljs$core$isa_QMARK_$cljs$0core$0IFn$0_invoke$0arity$03:hj
cljs$core$iter_reduce$cljs$0core$0IFn$0_invoke$0arity$02:gf
cljs$core$iter_reduce$cljs$0core$0IFn$0_invoke$0arity$03:hf
cljs$core$iterable_QMARK_:Sd
cljs$core$juxt$cljs$0core$0IFn$0_invoke$0arity$02:df
cljs$core$keep$cljs$0core$0IFn$0_invoke$0arity$01:pg
cljs$core$keep$cljs$0core$0IFn$0_invoke$0arity$02:qg
cljs$core$key:mh
cljs$core$key_test:Rh
cljs$core$keys:Kh
cljs$core$keyword:Af
cljs$core$keyword_identical_QMARK_:V
cljs$core$linear_traversal_nth$cljs$0core$0IFn$0_invoke$0arity$03:Be
cljs$core$list:xf
cljs$core$list_QMARK_:uf
cljs$core$lookup_sentinel:Te
cljs$core$m3_fmix:Jd
cljs$core$m3_hash_unencoded_chars:Kd
cljs$core$m3_mix_H1:Id
cljs$core$m3_mix_K1:Hd
cljs$core$map:zg
cljs$core$map_QMARK_:Oe
cljs$core$map_entry_QMARK_:lh
cljs$core$map_indexed$cljs$0core$0IFn$0_invoke$0arity$01:ng
cljs$core$mapv$cljs$0core$0IFn$0_invoke$0arity$02:Jg
cljs$core$max:of
cljs$core$merge:ui
cljs$core$merge_with:vi
cljs$core$meta:Ie
cljs$core$missing_protocol:B
cljs$core$name:Bf
cljs$core$native_satisfies_QMARK_:A
cljs$core$never_equiv:Ch
cljs$core$new_path:Rg
cljs$core$next:O
cljs$core$next_STAR_:Rf
cljs$core$nil_QMARK_:cc
cljs$core$nil_iter:cg
cljs$core$not:ec
cljs$core$not_EQ_$cljs$0core$0IFn$0_invoke$0arity$02:ag
cljs$core$not_empty:bg
cljs$core$nth:me
cljs$core$nth$cljs$0core$0IFn$0_invoke$0arity$02:le
cljs$core$nth$cljs$0core$0IFn$0_invoke$0arity$03:T
cljs$core$parents$cljs$0core$0IFn$0_invoke$0arity$01:ij
cljs$core$partial:mg
cljs$core$pop_tail:Xg
cljs$core$pos_QMARK_:sf
cljs$core$pr_opts:Wb
cljs$core$pr_sb_with_opts:Si
cljs$core$pr_sequential_writer:Hi
cljs$core$pr_str_STAR_:Fd
cljs$core$pr_str_with_opts:Ti
cljs$core$pr_writer:Oi
cljs$core$pr_writer_impl:Ni
cljs$core$prefers_STAR_:kj
cljs$core$prim_seq$cljs$0core$0IFn$0_invoke$0arity$02:se
cljs$core$print_map:Pi
cljs$core$print_meta_QMARK_:Mi
cljs$core$print_prefix_map:Ui
cljs$core$push_tail:Sg
cljs$core$pv_clone_node:Pg
cljs$core$pv_fresh_node:Og
cljs$core$pv_reduce$cljs$0core$0IFn$0_invoke$0arity$04:$g
cljs$core$pv_reduce$cljs$0core$0IFn$0_invoke$0arity$05:ah
cljs$core$quot:qf
cljs$core$quote_string:Li
cljs$core$ranged_iterator:Zg
cljs$core$re_matches:Gi
cljs$core$record_QMARK_:Pe
cljs$core$reduce:mc
cljs$core$reduce$cljs$0core$0IFn$0_invoke$0arity$02:jf
cljs$core$reduce$cljs$0core$0IFn$0_invoke$0arity$03:lc
cljs$core$reduce_kv:kf
cljs$core$reduced_QMARK_:ce
cljs$core$remove$cljs$0core$0IFn$0_invoke$0arity$02:Hg
cljs$core$remove_pair:Th
cljs$core$reset_BANG_:tg
cljs$core$reset_cache:jj
cljs$core$rest:Td
cljs$core$reverse:wf
cljs$core$second:we
cljs$core$select_keys:wi
cljs$core$seq:J
cljs$core$seq_QMARK_:Ue
cljs$core$seq_reduce:ue
cljs$core$seq_reduce$cljs$0core$0IFn$0_invoke$0arity$02:te
cljs$core$seq_reduce$cljs$0core$0IFn$0_invoke$0arity$03:ve
cljs$core$sequential_QMARK_:Ne
cljs$core$set:Di
cljs$core$set_QMARK_:Me
cljs$core$some:ig
cljs$core$some_fn$cljs$0core$0IFn$0_invoke$0arity$03:wg
cljs$core$sort$cljs$0core$0IFn$0_invoke$0arity$02:af
cljs$core$sort_by$cljs$0core$0IFn$0_invoke$0arity$03:cf
cljs$core$spread:Lf
cljs$core$str:C
cljs$core$string_QMARK_:fc
cljs$core$string_hash_cache:Ld
cljs$core$string_hash_cache_count:Md
cljs$core$subs$cljs$0core$0IFn$0_invoke$0arity$02:tf
cljs$core$subvec$cljs$0core$0IFn$0_invoke$0arity$03:th
cljs$core$swap_BANG_:ug
cljs$core$symbol:Rd
cljs$core$t_cljs$0core1816:Qb
cljs$core$tail_off:Qg
cljs$core$take:Ag
cljs$core$tapset:uj
cljs$core$throw_no_method_error:nj
cljs$core$to_array:bf
cljs$core$transduce$cljs$0core$0IFn$0_invoke$0arity$04:mf
cljs$core$truth_:z
cljs$core$tv_editable_root:fh
cljs$core$tv_editable_tail:gh
cljs$core$tv_ensure_editable:uh
cljs$core$tv_push_tail:vh
cljs$core$type:gc
cljs$core$type__GT_str:hc
cljs$core$unchecked_array_for:Ug
cljs$core$update:Mg
cljs$core$update_in:Lg
cljs$core$val:nh
cljs$core$vals:Lh
cljs$core$vec:kh
cljs$core$vector:oh
cljs$core$vector_QMARK_:Qe
cljs$core$vector_index_out_of_bounds:Tg
cljs$core$volatile_BANG_:og
cljs$core$with_meta:He
cljs$core$write_all$cljs$0core$0IFn$0_invoke$0arity$0variadic:Ji
cljs$cst$keyword$_LT__GT_:Wj
cljs$cst$keyword$alt_DASH_impl:Qi
cljs$cst$keyword$ancestors:gj
cljs$cst$keyword$auto_DASH_run:Bj
cljs$cst$keyword$body:el
cljs$cst$keyword$body_DASH_params:Hk
cljs$cst$keyword$catch_DASH_all:ik
cljs$cst$keyword$childContextTypes:Kj
cljs$cst$keyword$children:Ll
cljs$cst$keyword$class:tl
cljs$cst$keyword$cljsLegacyRender:xl
cljs$cst$keyword$cljs_DOT_core_SLASH_not_DASH_found:xi
cljs$cst$keyword$coerce:Oj
cljs$cst$keyword$coercion:Kl
cljs$cst$keyword$compile:gl
cljs$cst$keyword$componentWillUnmount:pk
cljs$cst$keyword$component_DASH_did_DASH_update:Vl
cljs$cst$keyword$component_DASH_will_DASH_unmount:Gk
cljs$cst$keyword$conflicts:pl
cljs$cst$keyword$constructor:Jj
cljs$cst$keyword$contextType:rk
cljs$cst$keyword$contextTypes:sm
cljs$cst$keyword$data:Hj
cljs$cst$keyword$default:pj
cljs$cst$keyword$descendants:fj
cljs$cst$keyword$displace:Yk
cljs$cst$keyword$displayName:al
cljs$cst$keyword$display_DASH_name:zk
cljs$cst$keyword$div:vk
cljs$cst$keyword$dup:$b
cljs$cst$keyword$error:sk
cljs$cst$keyword$exception:Xj
cljs$cst$keyword$expand:rl
cljs$cst$keyword$fallback_DASH_impl:Ri
cljs$cst$keyword$flush_DASH_on_DASH_newline:Xb
cljs$cst$keyword$form:km
cljs$cst$keyword$form_DASH_params:lm
cljs$cst$keyword$format:Ik
cljs$cst$keyword$getDerivedStateFromError:il
cljs$cst$keyword$getDerivedStateFromProps:tk
cljs$cst$keyword$getInitialState:Qj
cljs$cst$keyword$h1:Nl
cljs$cst$keyword$h3:Pl
cljs$cst$keyword$handler:$k
cljs$cst$keyword$header:ol
cljs$cst$keyword$headers:Fj
cljs$cst$keyword$hierarchy:hk
cljs$cst$keyword$id:wm
cljs$cst$keyword$in:rm
cljs$cst$keyword$index:sl
cljs$cst$keyword$key:hm
cljs$cst$keyword$keyword_DASH_fn:aj
cljs$cst$keyword$keywordize_QMARK_:jm
cljs$cst$keyword$left:Cj
cljs$cst$keyword$list:em
cljs$cst$keyword$lookup:yk
cljs$cst$keyword$map:cl
cljs$cst$keyword$meta:Zb
cljs$cst$keyword$min_DASH_height:Kk
cljs$cst$keyword$more_DASH_marker:Ii
cljs$cst$keyword$muuntaja_SLASH_request:Yl
cljs$cst$keyword$name:zl
cljs$cst$keyword$name_DASH_conflicts:Ck
cljs$cst$keyword$nav_DASH_handler:Hl
cljs$cst$keyword$nil:Rl
cljs$cst$keyword$no_DASH_cache:Vj
cljs$cst$keyword$on_DASH_dispose:Dj
cljs$cst$keyword$on_DASH_set:El
cljs$cst$keyword$on_DASH_write:gm
cljs$cst$keyword$open_QMARK_:dl
cljs$cst$keyword$parameters:jk
cljs$cst$keyword$params:Fm
cljs$cst$keyword$parents:ej
cljs$cst$keyword$path:Uj
cljs$cst$keyword$path_DASH_conflicts:Lj
cljs$cst$keyword$path_DASH_exists_QMARK_:Ak
cljs$cst$keyword$path_DASH_params:Aj
cljs$cst$keyword$path_DASH_parts:$l
cljs$cst$keyword$prepend:cm
cljs$cst$keyword$print_DASH_length:ac
cljs$cst$keyword$query:Ml
cljs$cst$keyword$query_DASH_params:im
cljs$cst$keyword$readably:Yb
cljs$cst$keyword$reagentRender:yl
cljs$cst$keyword$reagent_DASH_render:ek
cljs$cst$keyword$reitit_DOT_coercion_SLASH_extract_DASH_request_DASH_format:nk
cljs$cst$keyword$reitit_DOT_coercion_SLASH_parameter_DASH_coercion:Gl
cljs$cst$keyword$reitit_DOT_core_SLASH_router:Mk
cljs$cst$keyword$reitit_DOT_exception_SLASH_cause:pm
cljs$cst$keyword$reitit_DOT_impl_SLASH_merge_DASH_data:vl
cljs$cst$keyword$reitit_DOT_trie_SLASH_following_DASH_parameters:Dm
cljs$cst$keyword$reitit_DOT_trie_SLASH_multiple_DASH_terminators:Ij
cljs$cst$keyword$reitit_DOT_trie_SLASH_parameters:Zk
cljs$cst$keyword$reitit_DOT_trie_SLASH_trie_DASH_compiler:Ql
cljs$cst$keyword$reitit_DOT_trie_SLASH_unclosed_DASH_brackets:om
cljs$cst$keyword$reload_DASH_same_DASH_path_QMARK_:ul
cljs$cst$keyword$render:xj
cljs$cst$keyword$replace:jl
cljs$cst$keyword$required:Tl
cljs$cst$keyword$result:Dk
cljs$cst$keyword$right:fl
cljs$cst$keyword$router:Yj
cljs$cst$keyword$routes:Zj
cljs$cst$keyword$scroll_DASH_top:Cl
cljs$cst$keyword$set:lk
cljs$cst$keyword$shouldComponentUpdate:vm
cljs$cst$keyword$strable:ok
cljs$cst$keyword$string:Gj
cljs$cst$keyword$style:Sk
cljs$cst$keyword$tag:Nj
cljs$cst$keyword$template:ak
cljs$cst$keyword$terminators:Vk
cljs$cst$keyword$top_DASH_displace:Zl
cljs$cst$keyword$type:Qk
cljs$cst$keyword$val:Vi
cljs$cst$keyword$validate:Ej
cljs$cst$keyword$validator:nm
cljs$cst$keyword$value:xk
cljs$cst$keyword$vector:Fk
cljs$cst$keyword$warn:Bl
cljs$cst$keyword$wilds:kl
cljs$cst$symbol$_:Rk
cljs$cst$symbol$_DASH__GT_static_DASH_router:Mj
cljs$cst$symbol$blockable:tm
cljs$cst$symbol$compiled_DASH_routes:mk
cljs$cst$symbol$compiler:zj
cljs$cst$symbol$conflicting:Jl
cljs$cst$symbol$conflicting_DASH_paths:Lk
cljs$cst$symbol$conflicting_QMARK_:mm
cljs$cst$symbol$data:Gm
cljs$cst$symbol$end:Am
cljs$cst$symbol$f:Nk
cljs$cst$symbol$inst:wl
cljs$cst$symbol$js:Ok
cljs$cst$symbol$key:gk
cljs$cst$symbol$linear_DASH_router:Dl
cljs$cst$symbol$lookup:um
cljs$cst$symbol$map__4925:wk
cljs$cst$symbol$map__4949:kk
cljs$cst$symbol$match:bl
cljs$cst$symbol$match_DASH_by_DASH_path:Em
cljs$cst$symbol$matcher:Pj
cljs$cst$symbol$matchers:Tj
cljs$cst$symbol$meta1817:dg
cljs$cst$symbol$meta3478:Sl
cljs$cst$symbol$meta3481:Ol
cljs$cst$symbol$meta3490:Wl
cljs$cst$symbol$meta3499:xm
cljs$cst$symbol$meta3509:ql
cljs$cst$symbol$meta3515:Xk
cljs$cst$symbol$meta4191:Sj
cljs$cst$symbol$meta4468:ym
cljs$cst$symbol$meta4654:Al
cljs$cst$symbol$meta4790:dm
cljs$cst$symbol$meta4876:Il
cljs$cst$symbol$meta4932:Ek
cljs$cst$symbol$meta4953:nl
cljs$cst$symbol$meta6723:fm
cljs$cst$symbol$mixed_DASH_router:ll
cljs$cst$symbol$n:Uk
cljs$cst$symbol$names:Jk
cljs$cst$symbol$nl:Bk
cljs$cst$symbol$non_DASH_conflicting:Rj
cljs$cst$symbol$opts:bm
cljs$cst$symbol$ordered_QMARK_:Fl
cljs$cst$symbol$p:Tk
cljs$cst$symbol$params:Pk
cljs$cst$symbol$path:am
cljs$cst$symbol$pl:hl
cljs$cst$symbol$queue:Cm
cljs$cst$symbol$reitit_DOT_trie_SLASH_t_reitit$trie3477:ml
cljs$cst$symbol$result:qm
cljs$cst$symbol$routes:Bm
cljs$cst$symbol$size:Ul
cljs$cst$symbol$static_DASH_router:wj
cljs$cst$symbol$uuid:zm
cljs$cst$symbol$val:Wk
cljs$cst$symbol$vec__4416:uk
cljs$cst$symbol$vec__4617:dk
cljs$cst$symbol$vec__4764:qk
cljs$cst$symbol$vec__4864:bk
cljs$cst$symbol$vec__4867:ck
cljs$cst$symbol$vec__4870:fk
cljs$cst$symbol$wild:Xl
cljs$cst$symbol$wildcard_DASH_router:yj
cljs$reader$check:Zt
cljs$reader$days_in_month:Wt
cljs$reader$parse_and_validate_timestamp:$t
cljs$reader$parse_int:Yt
cljs$reader$timestamp_regex:Xt
cljs$tools:Ht
cljs$tools$reader:It
cljs$tools$reader$NO_MATCH:Vt
cljs$tools$reader$READ_EOF:Tt
cljs$tools$reader$READ_FINISHED:Ut
cljs$tools$reader$impl:Jt
cljs$tools$reader$impl$inspect:Kt
cljs$tools$reader$impl$inspect$dispatch_inspect:Nt
cljs$tools$reader$impl$inspect$inspect_STAR_:Mt
cljs$tools$reader$impl$inspect$inspect_STAR__col:Lt
clojure$set$difference:un
clojure$string$index_of$cljs$0core$0IFn$0_invoke$0arity$02:Rm
clojure$string$index_of$cljs$0core$0IFn$0_invoke$0arity$03:Sm
clojure$string$join$cljs$0core$0IFn$0_invoke$0arity$02:Pm
clojure$string$replace:Om
clojure$string$replace_all:Mm
clojure$string$replace_with:Nm
clojure$string$split$cljs$0core$0IFn$0_invoke$0arity$03:Qm
clojure$walk$keywordize_keys:Vm
clojure$walk$postwalk:Um
clojure$walk$walk:Tm
compiled_routes$jscomp$inline_1651:fu
doc$jscomp$inline_1042:cr
docMode$jscomp$inline_1040:$q
e$jscomp$inline_1657:lu
fexpr__5022$jscomp$inline_1658:mu
function$$core$client_page:nu
function$$core$router:Aq
goog$Disposable:gr
goog$Disposable$MonitoringMode$OFF:hr
goog$Disposable$instances_:ir
goog$UID_PROPERTY_:na
goog$Uri:tb
goog$Uri$QueryData:Bb
goog$Uri$decodeOrEmpty_:Ab
goog$Uri$encodeChar_:Kb
goog$Uri$encodeSpecialChars_:Cb
goog$Uri$parse:Jb
goog$Uri$reDisallowedInAbsolutePath_:Eb
goog$Uri$reDisallowedInFragment_:Gb
goog$Uri$reDisallowedInQuery_:Hb
goog$Uri$reDisallowedInRelativePath_:Fb
goog$Uri$reDisallowedInSchemeOrUserInfo_:Db
goog$array$concat:fb
goog$array$defaultCompare:jb
goog$array$forEach:eb
goog$array$indexOf:cb
goog$array$sort:hb
goog$array$stableSort:kb
goog$array$toArray:gb
goog$async$Delay:Qr
goog$async$nextTick$getSetImmediateEmulator_:Pr
goog$async$nextTick$setImmediate_:Or
goog$bind:ra
goog$bindJs_:qa
goog$bindNative_:pa
goog$dom$DomHelper:gs
goog$dom$append_:ds
goog$dom$defaultDomHelper_:ua
goog$dom$getDocumentScrollElement_:cs
goog$dom$getDocumentScroll_:bs
goog$dom$getElementHelper_:as
goog$dom$getOwnerDocument:fs
goog$dom$isNodeList:es
goog$events$BrowserEvent:kr
goog$events$BrowserEvent$IE_POINTER_TYPE_MAP:lr
goog$events$BrowserFeature$HAS_W3C_EVENT_SUPPORT:dr
goog$events$BrowserFeature$PASSIVE_EVENTS:fr
goog$events$BrowserFeature$SET_KEY_CODE_TO_PREVENT_DEFAULT:er
goog$events$Event:jr
goog$events$EventTarget:Kr
goog$events$LISTENER_MAP_PROP_:tr
goog$events$LISTENER_WRAPPER_PROP_:Jr
goog$events$Listenable$IMPLEMENTED_BY_PROP:mr
goog$events$ListenableKey$counter_:nr
goog$events$Listener:or
goog$events$ListenerMap:qr
goog$events$ListenerMap$findListenerIndex_:rr
goog$events$dispatchEvent:Ir
goog$events$fireListener:Hr
goog$events$fireListeners_:Gr
goog$events$getListenerMap_:Ar
goog$events$getOnString_:Cr
goog$events$getProxy:Br
goog$events$handleBrowserEvent_:Dr
goog$events$listen:wr
goog$events$listenOnce:xr
goog$events$listen_:zr
goog$events$listenerCountEstimate_:vr
goog$events$onStringMap_:ur
goog$events$unlisten:Er
goog$events$unlistenByKey:Fr
goog$events$wrapListener:yr
goog$fx$Animation:Wr
goog$fx$AnimationEvent:Yr
goog$fx$TransitionBase:Mr
goog$fx$TransitionBase$State$STOPPED:Nr
goog$fx$anim$activeAnimations_:Xa
goog$fx$anim$animationDelay_:Rr
goog$fx$anim$cycleAnimations_:Ur
goog$fx$anim$requestAnimationFrame_:Tr
goog$fx$anim$unregisterAnimation:Sr
goog$fx$dom$PredefinedEffect:ts
goog$fx$dom$Scroll:us
goog$getUid:ma
goog$global:da
goog$history$Event:rt
goog$history$Html5History:st
goog$history$Html5History$TokenTransformer:vt
goog$inherits:ta
goog$isArray:ia
goog$isArrayLike:ja
goog$isFunction:ka
goog$isNumber:fa
goog$isObject:la
goog$isString:ea
goog$labs$userAgent$browser$matchChrome_:Fq
goog$labs$userAgent$browser$matchFirefox_:Eq
goog$labs$userAgent$platform$isIos:Hq
goog$labs$userAgent$platform$isIphone:Gq
goog$labs$userAgent$util$matchUserAgent:Dq
goog$labs$userAgent$util$userAgent_:Ta
goog$math$Coordinate:Zr
goog$math$Integer:Aa
goog$math$Integer$IntCache_:Ba
goog$math$Integer$ONE:Ia
goog$math$Integer$TWO_PWR_24_:Ja
goog$math$Integer$TWO_PWR_32_DBL_:Ha
goog$math$Integer$ZERO:Fa
goog$math$Integer$carry16_:Pa
goog$math$Integer$fromInt:Ca
goog$math$Integer$fromNumber:Da
goog$math$Size:$r
goog$now:sa
goog$nullFunction:ha
goog$object$PROTOTYPE_FIELDS_:ab
goog$object$extend:bb
goog$object$forEach:Wa
goog$object$get:$a
goog$object$getKeys:Ya
goog$object$isEmpty:Za
goog$reflect$cache:ya
goog$reflect$sinkValue:xa
goog$string$StringBuffer:Nb
goog$string$internal$caseInsensitiveContains:Sa
goog$string$internal$compareElements_:Va
goog$string$internal$compareVersions:Ua
goog$string$internal$trim:Ra
goog$structs$Map:nb
goog$structs$Map$hasKey_:pb
goog$structs$forEach:mb
goog$structs$getValues:lb
goog$style$getBoundingClientRect_:is
goog$style$getSizeWithDisplay_:js
goog$style$getStyle_:hs
goog$typeOf:r
goog$uidCounter_:oa
goog$uri$utils$parseQueryData:sb
goog$uri$utils$splitRe_:qb
goog$userAgent$ANDROID:Rq
goog$userAgent$EDGE:Kq
goog$userAgent$EDGE_OR_IE:Lq
goog$userAgent$GECKO:Mq
goog$userAgent$IE:Jq
goog$userAgent$IOS:Vq
goog$userAgent$IPAD:Tq
goog$userAgent$IPHONE:Sq
goog$userAgent$IPOD:Uq
goog$userAgent$MAC:Oq
goog$userAgent$OPERA:Iq
goog$userAgent$VERSION:Xq
goog$userAgent$WEBKIT:Nq
goog$userAgent$WINDOWS:Pq
goog$userAgent$getDocumentMode_:Wq
goog$userAgent$isVersionOrHigher:ar
goog$userAgent$isVersionOrHigherCache_:za
goog$userAgent$platform$VERSION:ks
goog$userAgent$product$ANDROID:os
goog$userAgent$product$CHROME:ps
goog$userAgent$product$FIREFOX:ls
goog$userAgent$product$IPAD:ns
goog$userAgent$product$IPHONE:ms
goog$userAgent$product$SAFARI:qs
goog$userAgent$product$VERSION:ss
goog$userAgent$product$getFirstRegExpGroup_:rs
hash$jscomp$inline_1605:vu
hierarchy__4617__auto__$jscomp$inline_1593:St
map__5013$jscomp$inline_1645:bu
map__5013__$1$jscomp$inline_1646:Pp
map__6506__$1$jscomp$inline_1598:pu
meta_merge$core$displace_QMARK_:xg
meta_merge$core$meta_STAR_:Po
meta_merge$core$meta_merge:To
meta_merge$core$pick_prioritized:So
meta_merge$core$remove_top_displace:Ro
meta_merge$core$replace_QMARK_:yg
meta_merge$core$with_meta_STAR_:Qo
method_cache__4615__auto__$jscomp$inline_1591:Qt
method_table__4613__auto__$jscomp$inline_1589:Ot
module$node_modules$react$index:Lm
module$node_modules$react_dom$index:Io
name_conflicting$jscomp$inline_1650:eu
nav_handler$jscomp$inline_1599:qu
navigator$jscomp$inline_1033:Bq
navigator$jscomp$inline_1036:Qq
opts$jscomp$inline_1644:au
p__6503$jscomp$inline_1597:ou
path$jscomp$inline_1603:tu
path_conflicting$jscomp$inline_1649:du
path_exists_QMARK_$jscomp$inline_1600:ru
prefer_table__4614__auto__$jscomp$inline_1590:Pt
query$jscomp$inline_1604:uu
raw_routes$jscomp$inline_1643:Op
reagent:Wm
reagent$debug:Xm
reagent$debug$track_console:Zm
reagent$debug$warnings:Ym
reagent$dom:Jo
reagent$dom$imported:Ko
reagent$dom$render_comp:Mo
reagent$dom$roots:Lo
reagent$impl:$m
reagent$impl$batching:jn
reagent$impl$batching$RenderQueue:rn
reagent$impl$batching$compare_mount_order:nn
reagent$impl$batching$enqueue:qn
reagent$impl$batching$fake_raf:ln
reagent$impl$batching$mount_count:kn
reagent$impl$batching$next_tick:mn
reagent$impl$batching$queue_render:tn
reagent$impl$batching$ratom_flush:on
reagent$impl$batching$render_queue:sn
reagent$impl$batching$run_funs:pn
reagent$impl$component:Sn
reagent$impl$component$_STAR_current_component_STAR_:Tn
reagent$impl$component$as_element:Wn
reagent$impl$component$built_in_static_method_names:go
reagent$impl$component$camelify_map_keys:co
reagent$impl$component$create_class:ho
reagent$impl$component$custom_wrapper:Zn
reagent$impl$component$dash_to_method_name:bo
reagent$impl$component$get_wrapper:$n
reagent$impl$component$map_to_js:fo
reagent$impl$component$obligatory:ao
reagent$impl$component$props_argv:Un
reagent$impl$component$rat_opts:Rn
reagent$impl$component$reagent_class_QMARK_:Vn
reagent$impl$component$static_fns:Yn
reagent$impl$component$wrap_funs:eo
reagent$impl$component$wrap_render:Xn
reagent$impl$template:io
reagent$impl$template$HiccupTag:Ao
reagent$impl$template$as_element:Fo
reagent$impl$template$cache_get:lo
reagent$impl$template$convert_custom_prop_value:qo
reagent$impl$template$convert_prop_value:no
reagent$impl$template$custom_kv_conv:po
reagent$impl$template$custom_prop_name_cache:oo
reagent$impl$template$expand_seq:Ho
reagent$impl$template$find_dom_node:ro
reagent$impl$template$get_key:Bo
reagent$impl$template$input_component_set_value:uo
reagent$impl$template$input_handle_change:vo
reagent$impl$template$input_node_set_value:to
reagent$impl$template$input_render_setup:wo
reagent$impl$template$input_spec:zo
reagent$impl$template$key_from_vec:Co
reagent$impl$template$kv_conv:mo
reagent$impl$template$make_element:yo
reagent$impl$template$native_element:Eo
reagent$impl$template$prop_name_cache:ko
reagent$impl$template$re_tag:jo
reagent$impl$template$reagent_input_class:xo
reagent$impl$template$tag_name_cache:Do
reagent$impl$template$these_inputs_have_selection_api:so
reagent$impl$template$vec_to_elem:Go
reagent$impl$util$_STAR_always_update_STAR_:hn
reagent$impl$util$capitalize:cn
reagent$impl$util$class_names:gn
reagent$impl$util$dash_to_prop_name:dn
reagent$impl$util$dont_camel_case:bn
reagent$impl$util$fun_name:en
reagent$impl$util$is_client:an
reagent$impl$util$named_QMARK_:fn
reagent$ratom:vn
reagent$ratom$RAtom:Jn
reagent$ratom$Reaction:Nn
reagent$ratom$_STAR_ratom_context_STAR_:wn
reagent$ratom$_running:zn
reagent$ratom$add_w:Dn
reagent$ratom$atom:Kn
reagent$ratom$check_watches:Cn
reagent$ratom$debug:xn
reagent$ratom$deref_capture:An
reagent$ratom$dispose_BANG_:Ln
reagent$ratom$flush_BANG_:In
reagent$ratom$generation:yn
reagent$ratom$handle_reaction_change:Mn
reagent$ratom$make_reaction:On
reagent$ratom$notify_deref_watcher_BANG_:Bn
reagent$ratom$notify_w:Fn
reagent$ratom$pr_atom:Gn
reagent$ratom$rea_queue:Hn
reagent$ratom$remove_w:En
reagent$ratom$run_in_reaction:Qn
reagent$ratom$temp_reaction:Pn
reagent$session:No
reagent$session$state:Oo
reitit:Uo
reitit$coercion$ParameterCoercion:aq
reitit$coercion$_open_model:Zp
reitit$coercion$_request_coercer:$p
reitit$coercion$coerce_request:eq
reitit$coercion$default_parameter_coercion:bq
reitit$coercion$extract_request_format_default:cq
reitit$coercion$request_coercer:dq
reitit$coercion$request_coercers:fq
reitit$core:gq
reitit$core$Match:pq
reitit$core$PartialMatch:rq
reitit$core$__GT_Match:qq
reitit$core$expand:nq
reitit$core$linear_router$cljs$0core$0IFn$0_invoke$0arity$02:sq
reitit$core$lookup_router:tq
reitit$core$match_by_path:oq
reitit$core$mixed_router:wq
reitit$core$quarantine_router:xq
reitit$core$single_static_path_router:vq
reitit$core$t_reitit$0core4467:hq
reitit$core$t_reitit$0core4653:iq
reitit$core$t_reitit$0core4789:jq
reitit$core$t_reitit$0core4875:kq
reitit$core$t_reitit$0core4931:lq
reitit$core$t_reitit$0core4952:mq
reitit$core$trie_router:uq
reitit$exception:Vo
reitit$exception$exception:Yo
reitit$exception$fail_BANG_$cljs$0core$0IFn$0_invoke$0arity$02:Wo
reitit$exception$format_exception:Xo
reitit$frontend$match_by_path:zq
reitit$frontend$query_params:yq
reitit$impl$Route:Fp
reitit$impl$compile_routes:Wp
reitit$impl$conflicting_paths:Sp
reitit$impl$conflicting_routes_QMARK_:Qp
reitit$impl$find_names:Vp
reitit$impl$map_data:Lp
reitit$impl$maybe_map_values:Ip
reitit$impl$maybe_url_decode:Jp
reitit$impl$merge_data:Mp
reitit$impl$name_conflicting_routes:Tp
reitit$impl$parse:Gp
reitit$impl$path_conflicting_routes:Rp
reitit$impl$path_for:Yp
reitit$impl$resolve_routes:Np
reitit$impl$uncompile_routes:Xp
reitit$impl$walk:Kp
reitit$impl$wild_route_QMARK_:Hp
reitit$trie:Zo
reitit$trie$CatchAll:gp
reitit$trie$Match:hp
reitit$trie$Node:ip
reitit$trie$Wild:fp
reitit$trie$_insert:yp
reitit$trie$_node:xp
reitit$trie$_path_matcher:pp
reitit$trie$_slice_end:vp
reitit$trie$_slice_start:up
reitit$trie$assoc_param:qp
reitit$trie$catch_all_matcher:np
reitit$trie$clojure_trie_compiler:Ap
reitit$trie$common_prefix:rp
reitit$trie$compile$cljs$0core$0IFn$0_invoke$0arity$02:Dp
reitit$trie$compile$cljs$0core$0IFn$0_invoke$0arity$03:Ep
reitit$trie$conflicting_paths_QMARK_:wp
reitit$trie$data_matcher:kp
reitit$trie$decode:zp
reitit$trie$depth:ef
reitit$trie$insert$cljs$0core$0IFn$0_invoke$0arity$04:Cp
reitit$trie$join_path:tp
reitit$trie$length:ff
reitit$trie$linear_matcher:op
reitit$trie$map_parameters:Bp
reitit$trie$match:jp
reitit$trie$split_path:sp
reitit$trie$static_matcher:lp
reitit$trie$t_reitit$0trie3477:$o
reitit$trie$t_reitit$0trie3480:ap
reitit$trie$t_reitit$0trie3489:bp
reitit$trie$t_reitit$0trie3498:cp
reitit$trie$t_reitit$0trie3508:dp
reitit$trie$t_reitit$0trie3514:ep
reitit$trie$wild_matcher:mp
reload_same_path_QMARK_$jscomp$inline_1601:su
router$jscomp$inline_1647:cu
router__$1$jscomp$inline_1654:iu
routes$jscomp$inline_1648:Up
shadow$js$files:Hm
shadow$js$jsRequire:Km
shadow$js$nativeRequires:Im
shadow$js$requireStack:Jm
temp__5735__auto___5335$jscomp$inline_1655:ju
temp__5735__auto___5340$jscomp$inline_1656:ku
transformer$jscomp$inline_1176:Bt
userAgent$jscomp$inline_1034:Cq
version$jscomp$inline_1038:Yq
wilds_QMARK_$jscomp$inline_1652:gu
